// Jest Snapshot v1, https://goo.gl/fbAQLP

exports[`IndexPage renders correctly 1`] = `
<DocumentFragment>
  .c0 {
  background: rebeccapurple;
  margin-bottom: 1.45rem;
}

.c1 {
  margin: 0 auto;
  max-width: 960px;
  padding: 1.45rem 1.0875rem;
}

.c2 {
  margin: 0 auto;
}

.c3 {
  color: white;
  -webkit-text-decoration: none;
  text-decoration: none;
}

<header
    class="c0"
  >
    <div
      class="c1"
    >
      <h1
        class="c2"
      >
        <a
          class="c3"
          href="/"
        >
          Gatsby Basic TypeScript Starter
        </a>
      </h1>
    </div>
  </header>
  .c0 {
  margin: 0 auto;
  max-width: 960px;
  padding: 0 1.0875rem 1.45rem;
}

<div
    class="c0"
  >
    <main>
      SEO Mock
      <h1>
        Hi people
      </h1>
      <p>
        Welcome to your new Gatsby site.
      </p>
      <p>
        Now go build something great.
      </p>
    </main>
    <footer>
      Â© 2019, Built with 
      <a
        href="https://www.gatsbyjs.org"
      >
        Gatsby
      </a>
    </footer>
  </div>
</DocumentFragment>
`;
